// Jest Snapshot v1, https://goo.gl/fbAQLP

exports[`Index page renders correctly 1`] = `
<Layout>
  <div
    className="searchWrapper"
  >
    <input
      className="searchInput"
      onChange={[Function]}
      placeholder="search_placeholder"
    />
  </div>
  <ul
    className="pokedex"
  >
    <li
      className="pokedexItem"
    >
      <ForwardRef
        className="pokemonLink"
        to="/bulbasaur"
      >
        <div
          className="pokemonImage"
        >
          <img
            alt="Bulbasaur thumbnail"
            className="pokemonImageImg"
            loading="lazy"
            src="https://raw.githubusercontent.com/PokeAPI/sprites/master/sprites/pokemon/1.png"
          />
        </div>
        <div
          className="pokemonDetails"
        >
          <div
            className="pokemonDetailsWrapper"
          >
            <h3
              className="pokemonDetailsTitle"
            >
              Bulbasaur
            </h3>
          </div>
          <div>
            <span
              className="pokemonIndex"
            >
              1
            </span>
          </div>
        </div>
      </ForwardRef>
    </li>
    <li
      className="pokedexItem"
    >
      <ForwardRef
        className="pokemonLink"
        to="/ivysaur"
      >
        <div
          className="pokemonImage"
        >
          <img
            alt="Ivysaur thumbnail"
            className="pokemonImageImg"
            loading="lazy"
            src="https://raw.githubusercontent.com/PokeAPI/sprites/master/sprites/pokemon/2.png"
          />
        </div>
        <div
          className="pokemonDetails"
        >
          <div
            className="pokemonDetailsWrapper"
          >
            <h3
              className="pokemonDetailsTitle"
            >
              Ivysaur
            </h3>
          </div>
          <div>
            <span
              className="pokemonIndex"
            >
              2
            </span>
          </div>
        </div>
      </ForwardRef>
    </li>
    <li
      className="pokedexItem"
    >
      <ForwardRef
        className="pokemonLink"
        to="/venusaur"
      >
        <div
          className="pokemonImage"
        >
          <img
            alt="Venusaur thumbnail"
            className="pokemonImageImg"
            loading="lazy"
            src="https://raw.githubusercontent.com/PokeAPI/sprites/master/sprites/pokemon/3.png"
          />
        </div>
        <div
          className="pokemonDetails"
        >
          <div
            className="pokemonDetailsWrapper"
          >
            <h3
              className="pokemonDetailsTitle"
            >
              Venusaur
            </h3>
          </div>
          <div>
            <span
              className="pokemonIndex"
            >
              3
            </span>
          </div>
        </div>
      </ForwardRef>
    </li>
  </ul>
</Layout>
`;
